
> Configure project :app
WARNING: The option setting 'android.builtInKotlin=false' is deprecated.
The current default is 'true'.
It will be removed in version 10.0 of the Android Gradle plugin.
WARNING: The option setting 'android.newDsl=false' is deprecated.
The current default is 'true'.
It will be removed in version 10.0 of the Android Gradle plugin.

> Task :app:clean
> Task :app:preBuild UP-TO-DATE
> Task :app:preDebugBuild UP-TO-DATE
> Task :app:mergeDebugNativeDebugMetadata NO-SOURCE
> Task :app:checkKotlinGradlePluginConfigurationErrors SKIPPED
> Task :app:generateDebugBuildConfig
> Task :app:generateDebugResources
> Task :app:packageDebugResources
> Task :app:processDebugNavigationResources
> Task :app:parseDebugLocalResources
> Task :app:generateDebugAssets UP-TO-DATE
> Task :app:mergeDebugAssets
> Task :app:javaPreCompileDebug
> Task :app:generateDebugRFile
> Task :app:compressDebugAssets
> Task :app:desugarDebugFileDependencies
> Task :app:mapDebugSourceSetPaths
> Task :app:checkDebugAarMetadata
> Task :app:compileDebugNavigationResources
> Task :app:checkDebugDuplicateClasses
> Task :app:createDebugCompatibleScreenManifests
> Task :app:mergeLibDexDebug
> Task :app:extractDeepLinksDebug
> Task :app:processDebugMainManifest
> Task :app:processDebugManifest
> Task :app:mergeDebugJniLibFolders
> Task :app:validateSigningDebug
> Task :app:writeDebugAppMetadata
> Task :app:writeDebugSigningConfigVersions
> Task :app:processDebugManifestForPackage
> Task :app:mergeDebugNativeLibs

> Task :app:stripDebugDebugSymbols
Unable to strip the following libraries, packaging them as they are: libandroidx.graphics.path.so. Run with --info option to learn more.

> Task :app:mergeDebugResources
> Task :app:processDebugResources

> Task :app:kspDebugKotlin
w: [ksp] The return value includes a data class with a @Relation. It is usually desired to annotate this function with @Transaction to avoid possibility of inconsistent results between the data class and its relations. See https://developer.android.com/reference/androidx/room/Transaction.html for details.
w: [ksp] The return value includes a data class with a @Relation. It is usually desired to annotate this function with @Transaction to avoid possibility of inconsistent results between the data class and its relations. See https://developer.android.com/reference/androidx/room/Transaction.html for details.
w: [ksp] The return value includes a data class with a @Relation. It is usually desired to annotate this function with @Transaction to avoid possibility of inconsistent results between the data class and its relations. See https://developer.android.com/reference/androidx/room/Transaction.html for details.
w: [ksp] The return value includes a data class with a @Relation. It is usually desired to annotate this function with @Transaction to avoid possibility of inconsistent results between the data class and its relations. See https://developer.android.com/reference/androidx/room/Transaction.html for details.
e: [ksp] InjectProcessingStep was unable to process 'ProfileViewModel(GamificationRepository,LogRepository,com.exmple.cinelog.domain.GamificationManager,com.exmple.cinelog.data.repository.AiRepository,com.exmple.cinelog.data.repository.GeminiRepository)' because 'GamificationRepository' could not be resolved.

Dependency trace:
    => element (CLASS): com.exmple.cinelog.ui.screens.ProfileViewModel
    => element (CONSTRUCTOR): ProfileViewModel(GamificationRepository,LogRepository,com.exmple.cinelog.domain.GamificationManager,com.exmple.cinelog.data.repository.AiRepository,com.exmple.cinelog.data.repository.GeminiRepository)
    => type (EXECUTABLE constructor): (GamificationRepository,LogRepository,com.exmple.cinelog.domain.GamificationManager,com.exmple.cinelog.data.repository.AiRepository,com.exmple.cinelog.data.repository.GeminiRepository)void
    => type (ERROR parameter type): GamificationRepository

If type 'GamificationRepository' is a generated type, check above for compilation errors that may have prevented the type from being generated. Otherwise, ensure that type 'GamificationRepository' is on your classpath.

> Task :app:kspDebugKotlin FAILED
> Task :app:mergeExtDexDebug
./gradlew : 
At line:1 char:1
+ ./gradlew clean :app:assembleDebug 
--console=plain > build_output.txt 
...
+ ~~~~~~~~~~~~~~~~~~~~~~~~~~~~~~~~~~~
~~~~~~~~~~~~~~~~~~~~~~~~~~~~~~~~~~
    + CategoryInfo          : NotSpe 
   cified: (:String) [], RemoteExce  
  ption
    + FullyQualifiedErrorId : Native 
   CommandError
 
FAILURE: Build failed with an 
exception.

* What went wrong:
Execution failed for task 
':app:kspDebugKotlin'.
> A failure occurred while executing 
com.google.devtools.ksp.gradle.KspAAW
orkerAction
   > KSP failed with exit code: 
PROCESSING_ERROR

* Try:
> Run with --stacktrace option to 
get the stack trace.
> Run with --info or --debug option 
to get more log output.
> Run with --scan to get full 
insights from a Build Scan (powered 
by Develocity).
> Get more help at 
https://help.gradle.org.

BUILD FAILED in 7s
31 actionable tasks: 31 executed
