Initialized native services in: C:\Users\User\.gradle\native
Initialized jansi services in: C:\Users\User\.gradle\native
The client will now receive all logging from the daemon (pid: 18060). The daemon log file: C:\Users\User\.gradle\daemon\9.3.1\daemon-18060.out.log
Starting 23rd build in daemon [uptime: 1 hrs 13 mins 41.455 secs, performance: 97%, GC rate: 0.00/s, heap usage: 26% of 2 GiB]
Using 16 worker leases.
Operational build model parameters: {requiresToolingModels=false, parallelProjectExecution=false, configureOnDemand=false, configurationCache=false, configurationCacheParallelStore=false, configurationCacheParallelLoad=true, isolatedProjects=false, parallelProjectConfiguration=false, intermediateModelCache=false, parallelToolingApiActions=false, invalidateCoupledProjects=false, modelAsProjectDependency=false, resilientModelBuilding=false}
Now considering [D:\AndroidStudioProjects\CineLog\.worktrees\ai-integration, D:\AndroidStudioProjects\CineLog] as hierarchies to watch
Watching the file system is configured to be enabled if available
File system watching is active
Starting Build
Resolved plugin [id: 'org.gradle.toolchains.foojay-resolver-convention', version: '1.0.0']
Settings evaluated using settings file 'D:\AndroidStudioProjects\CineLog\.worktrees\ai-integration\settings.gradle.kts'.
Projects loaded. Root project using build file 'D:\AndroidStudioProjects\CineLog\.worktrees\ai-integration\build.gradle.kts'.
Included projects: [root project 'Cine Log', project ':app']

> Configure project :
Evaluating root project 'Cine Log' using build file 'D:\AndroidStudioProjects\CineLog\.worktrees\ai-integration\build.gradle.kts'.
Resolved plugin [id: 'com.android.application', version: '9.1.0', apply: false]
Resolved plugin [id: 'org.jetbrains.kotlin.plugin.compose', version: '2.2.10', apply: false]
Resolved plugin [id: 'org.jetbrains.kotlin.android', version: '2.2.10', apply: false]
Resolved plugin [id: 'com.google.dagger.hilt.android', version: '2.56', apply: false]
Resolved plugin [id: 'com.google.android.libraries.mapsplatform.secrets-gradle-plugin', version: '2.0.1', apply: false]
Resolved plugin [id: 'com.google.devtools.ksp', version: '2.2.10-2.0.2', apply: false]

> Configure project :app
Evaluating project ':app' using build file 'D:\AndroidStudioProjects\CineLog\.worktrees\ai-integration\app\build.gradle.kts'.
Resolved plugin [id: 'com.android.application', version: '9.1.0']
Resolved plugin [id: 'org.jetbrains.kotlin.plugin.compose', version: '2.2.10']
Resolved plugin [id: 'com.google.devtools.ksp']
Resolved plugin [id: 'org.jetbrains.kotlin.android', version: '2.2.10']
Resolved plugin [id: 'com.google.dagger.hilt.android', version: '2.56']
Resolved plugin [id: 'com.google.android.libraries.mapsplatform.secrets-gradle-plugin', version: '2.0.1']
WARNING: The option setting 'android.builtInKotlin=false' is deprecated.
The current default is 'true'.
It will be removed in version 10.0 of the Android Gradle plugin.
WARNING: The option setting 'android.newDsl=false' is deprecated.
The current default is 'true'.
It will be removed in version 10.0 of the Android Gradle plugin.
Using default execution profile
Build ac4f47e5-6236-4387-9b54-b1f2e5c160b6 is started
Using Kotlin Gradle Plugin gradle813 variant
Detected Android Gradle Plugin compose compiler configuration
Detected Android Gradle Plugin compose compiler configuration
Detected Android Gradle Plugin compose compiler configuration
Detected Android Gradle Plugin compose compiler configuration
All projects evaluated.
Task path ':app:testDebugUnitTest' matched project ':app'
Task name matched 'testDebugUnitTest'
Selected primary task 'testDebugUnitTest' from project :app
Adding -Xuse-inline-scopes-numbers Kotlin compiler flag for task :app:compileDebugKotlin
Tasks to be executed: [task ':app:preBuild', task ':app:preDebugBuild', task ':app:checkKotlinGradlePluginConfigurationErrors', task ':app:generateDebugBuildConfig', task ':app:generateDebugResources', task ':app:packageDebugResources', task ':app:processDebugNavigationResources', task ':app:parseDebugLocalResources', task ':app:generateDebugRFile', task ':app:kspDebugKotlin', task ':app:compileDebugKotlin', task ':app:javaPreCompileDebug', task ':app:compileDebugJavaWithJavac', task ':app:hiltAggregateDepsDebug', task ':app:hiltJavaCompileDebug', task ':app:checkDebugAarMetadata', task ':app:mapDebugSourceSetPaths', task ':app:compileDebugNavigationResources', task ':app:mergeDebugResources', task ':app:createDebugCompatibleScreenManifests', task ':app:extractDeepLinksDebug', task ':app:processDebugMainManifest', task ':app:processDebugManifest', task ':app:processDebugManifestForPackage', task ':app:processDebugResources', task ':app:transformDebugClassesWithAsm', task ':app:bundleDebugClassesToRuntimeJar', task ':app:preDebugUnitTestBuild', task ':app:processDebugJavaRes', task ':app:bundleDebugClassesToCompileJar', task ':app:kspDebugUnitTestKotlin', task ':app:compileDebugUnitTestKotlin', task ':app:javaPreCompileDebugUnitTest', task ':app:compileDebugUnitTestJavaWithJavac', task ':app:hiltAggregateDepsDebugUnitTest', task ':app:hiltJavaCompileDebugUnitTest', task ':app:processDebugUnitTestJavaRes', task ':app:transformDebugUnitTestClassesWithAsm', task ':app:testDebugUnitTest']
Tasks that were excluded: []
work action Parameters of IdentityTransform (Thread[#2921,Execution worker,5,main]) started.
work action Parameters of CopyTransform (Thread[#2921,Execution worker,5,main]) started.
work action Parameters of AggregatedPackagesTransform (Thread[#2921,Execution worker,5,main]) started.
Resolve mutations for :app:preBuild (Thread[#2926,Execution worker Thread 6,5,main]) started.
:app:preBuild (Thread[#2931,Execution worker Thread 11,5,main]) started.

> Task :app:preBuild UP-TO-DATE
Skipping task ':app:preBuild' as it has no actions.
Resolve mutations for :app:preDebugBuild (Thread[#2931,Execution worker Thread 11,5,main]) started.
:app:preDebugBuild (Thread[#2931,Execution worker Thread 11,5,main]) started.

> Task :app:preDebugBuild UP-TO-DATE
Skipping task ':app:preDebugBuild' as it has no actions.
Resolve mutations for :app:checkKotlinGradlePluginConfigurationErrors (Thread[#2931,Execution worker Thread 11,5,main]) started.
:app:checkKotlinGradlePluginConfigurationErrors (Thread[#2928,Execution worker Thread 8,5,main]) started.

> Task :app:checkKotlinGradlePluginConfigurationErrors SKIPPED
Skipping task ':app:checkKotlinGradlePluginConfigurationErrors' as task onlyIf 'errorDiagnostics are present' is false.
Resolve mutations for :app:generateDebugBuildConfig (Thread[#2928,Execution worker Thread 8,5,main]) started.
:app:generateDebugBuildConfig (Thread[#2928,Execution worker Thread 8,5,main]) started.

> Task :app:generateDebugBuildConfig UP-TO-DATE
Caching disabled for task ':app:generateDebugBuildConfig' because:
  Build cache is disabled
Skipping task ':app:generateDebugBuildConfig' as it is up-to-date.
Resolve mutations for :app:generateDebugResources (Thread[#2928,Execution worker Thread 8,5,main]) started.
:app:generateDebugResources (Thread[#2928,Execution worker Thread 8,5,main]) started.

> Task :app:generateDebugResources UP-TO-DATE
Caching disabled for task ':app:generateDebugResources' because:
  Build cache is disabled
Skipping task ':app:generateDebugResources' as it is up-to-date.
Resolve mutations for :app:packageDebugResources (Thread[#2928,Execution worker Thread 8,5,main]) started.
:app:packageDebugResources (Thread[#2928,Execution worker Thread 8,5,main]) started.

> Task :app:packageDebugResources UP-TO-DATE
Caching disabled for task ':app:packageDebugResources' because:
  Build cache is disabled
Skipping task ':app:packageDebugResources' as it is up-to-date.
Resolve mutations for :app:processDebugNavigationResources (Thread[#2928,Execution worker Thread 8,5,main]) started.
:app:processDebugNavigationResources (Thread[#2928,Execution worker Thread 8,5,main]) started.

> Task :app:processDebugNavigationResources UP-TO-DATE
Caching disabled for task ':app:processDebugNavigationResources' because:
  Build cache is disabled
Skipping task ':app:processDebugNavigationResources' as it is up-to-date.
Resolve mutations for :app:parseDebugLocalResources (Thread[#2928,Execution worker Thread 8,5,main]) started.
:app:parseDebugLocalResources (Thread[#2928,Execution worker Thread 8,5,main]) started.

> Task :app:parseDebugLocalResources UP-TO-DATE
Caching disabled for task ':app:parseDebugLocalResources' because:
  Build cache is disabled
Skipping task ':app:parseDebugLocalResources' as it is up-to-date.
Resolve mutations for :app:generateDebugRFile (Thread[#2928,Execution worker Thread 8,5,main]) started.
:app:generateDebugRFile (Thread[#2928,Execution worker Thread 8,5,main]) started.

> Task :app:generateDebugRFile UP-TO-DATE
Caching disabled for task ':app:generateDebugRFile' because:
  Build cache is disabled
Skipping task ':app:generateDebugRFile' as it is up-to-date.
Resolve mutations for :app:kspDebugKotlin (Thread[#2928,Execution worker Thread 8,5,main]) started.
:app:kspDebugKotlin (Thread[#2928,Execution worker Thread 8,5,main]) started.
Resolve mutations for :app:javaPreCompileDebug (Thread[#2931,Execution worker Thread 11,5,main]) started.
:app:javaPreCompileDebug (Thread[#2931,Execution worker Thread 11,5,main]) started.

> Task :app:javaPreCompileDebug UP-TO-DATE
Caching disabled for task ':app:javaPreCompileDebug' because:
  Build cache is disabled
Skipping task ':app:javaPreCompileDebug' as it is up-to-date.
Resolve mutations for :app:checkDebugAarMetadata (Thread[#2931,Execution worker Thread 11,5,main]) started.
:app:checkDebugAarMetadata (Thread[#2921,Execution worker,5,main]) started.

> Task :app:checkDebugAarMetadata UP-TO-DATE
Caching disabled for task ':app:checkDebugAarMetadata' because:
  Build cache is disabled
  Caching has been disabled for the task
Skipping task ':app:checkDebugAarMetadata' as it is up-to-date.
Resolve mutations for :app:mapDebugSourceSetPaths (Thread[#2921,Execution worker,5,main]) started.
:app:mapDebugSourceSetPaths (Thread[#2921,Execution worker,5,main]) started.

> Task :app:mapDebugSourceSetPaths UP-TO-DATE
Caching disabled for task ':app:mapDebugSourceSetPaths' because:
  Build cache is disabled
  Caching has been disabled for the task
Skipping task ':app:mapDebugSourceSetPaths' as it is up-to-date.
Resolve mutations for :app:compileDebugNavigationResources (Thread[#2921,Execution worker,5,main]) started.
:app:compileDebugNavigationResources (Thread[#2921,Execution worker,5,main]) started.

> Task :app:compileDebugNavigationResources UP-TO-DATE
Caching disabled for task ':app:compileDebugNavigationResources' because:
  Build cache is disabled
Skipping task ':app:compileDebugNavigationResources' as it is up-to-date.
Resolve mutations for :app:mergeDebugResources (Thread[#2921,Execution worker,5,main]) started.
:app:mergeDebugResources (Thread[#2921,Execution worker,5,main]) started.

> Task :app:mergeDebugResources UP-TO-DATE
Caching disabled for task ':app:mergeDebugResources' because:
  Build cache is disabled
Skipping task ':app:mergeDebugResources' as it is up-to-date.
Resolve mutations for :app:createDebugCompatibleScreenManifests (Thread[#2921,Execution worker,5,main]) started.
:app:createDebugCompatibleScreenManifests (Thread[#2921,Execution worker,5,main]) started.

> Task :app:createDebugCompatibleScreenManifests UP-TO-DATE
Caching disabled for task ':app:createDebugCompatibleScreenManifests' because:
  Build cache is disabled
  Caching has been disabled for the task
Skipping task ':app:createDebugCompatibleScreenManifests' as it is up-to-date.
Resolve mutations for :app:extractDeepLinksDebug (Thread[#2921,Execution worker,5,main]) started.
:app:extractDeepLinksDebug (Thread[#2921,Execution worker,5,main]) started.

> Task :app:extractDeepLinksDebug UP-TO-DATE
Caching disabled for task ':app:extractDeepLinksDebug' because:
  Build cache is disabled
Skipping task ':app:extractDeepLinksDebug' as it is up-to-date.
Resolve mutations for :app:processDebugMainManifest (Thread[#2921,Execution worker,5,main]) started.
:app:processDebugMainManifest (Thread[#2921,Execution worker,5,main]) started.

> Task :app:processDebugMainManifest UP-TO-DATE
Caching disabled for task ':app:processDebugMainManifest' because:
  Build cache is disabled
Skipping task ':app:processDebugMainManifest' as it is up-to-date.
Resolve mutations for :app:processDebugManifest (Thread[#2921,Execution worker,5,main]) started.
:app:processDebugManifest (Thread[#2921,Execution worker,5,main]) started.

> Task :app:processDebugManifest UP-TO-DATE
Caching disabled for task ':app:processDebugManifest' because:
  Build cache is disabled
Skipping task ':app:processDebugManifest' as it is up-to-date.
Resolve mutations for :app:processDebugManifestForPackage (Thread[#2921,Execution worker,5,main]) started.
:app:processDebugManifestForPackage (Thread[#2921,Execution worker,5,main]) started.

> Task :app:processDebugManifestForPackage UP-TO-DATE
Custom actions are attached to task ':app:processDebugManifestForPackage'.
Caching disabled for task ':app:processDebugManifestForPackage' because:
  Build cache is disabled
Skipping task ':app:processDebugManifestForPackage' as it is up-to-date.
Resolve mutations for :app:processDebugResources (Thread[#2921,Execution worker,5,main]) started.
:app:processDebugResources (Thread[#2921,Execution worker,5,main]) started.

> Task :app:processDebugResources UP-TO-DATE
Caching disabled for task ':app:processDebugResources' because:
  Build cache is disabled
Skipping task ':app:processDebugResources' as it is up-to-date.
Resolve mutations for :app:preDebugUnitTestBuild (Thread[#2921,Execution worker,5,main]) started.
:app:preDebugUnitTestBuild (Thread[#2932,Execution worker Thread 12,5,main]) started.

> Task :app:preDebugUnitTestBuild UP-TO-DATE
Skipping task ':app:preDebugUnitTestBuild' as it has no actions.
Resolve mutations for :app:javaPreCompileDebugUnitTest (Thread[#2932,Execution worker Thread 12,5,main]) started.
:app:javaPreCompileDebugUnitTest (Thread[#2932,Execution worker Thread 12,5,main]) started.

> Task :app:javaPreCompileDebugUnitTest
Caching disabled for task ':app:javaPreCompileDebugUnitTest' because:
  Build cache is disabled
Task ':app:javaPreCompileDebugUnitTest' is not up-to-date because:
  Output property 'annotationProcessorListFile' file D:\AndroidStudioProjects\CineLog\.worktrees\ai-integration\app\build\intermediates\annotation_processor_list\debugUnitTest\javaPreCompileDebugUnitTest\annotationProcessors.json has been removed.

> Task :app:kspDebugKotlin
Caching disabled for task ':app:kspDebugKotlin' because:
  Build cache is disabled
Task ':app:kspDebugKotlin' is not up-to-date because:
  Task has failed previously.
The input changes require a full rebuild for incremental task ':app:kspDebugKotlin'.
file or directory 'D:\AndroidStudioProjects\CineLog\.worktrees\ai-integration\app\src\debug\kotlin', not found
file or directory 'D:\AndroidStudioProjects\CineLog\.worktrees\ai-integration\app\src\debug\java', not found
file or directory 'D:\AndroidStudioProjects\CineLog\.worktrees\ai-integration\app\src\main\kotlin', not found
file or directory 'D:\AndroidStudioProjects\CineLog\.worktrees\ai-integration\app\src\debug\java', not found
file or directory 'D:\AndroidStudioProjects\CineLog\.worktrees\ai-integration\app\src\main\kotlin', not found
file or directory 'D:\AndroidStudioProjects\CineLog\.worktrees\ai-integration\app\src\debug\kotlin', not found
file or directory 'D:\AndroidStudioProjects\CineLog\.worktrees\ai-integration\app\src\debug\java', not found
file or directory 'D:\AndroidStudioProjects\CineLog\.worktrees\ai-integration\app\src\debug\kotlin', not found
file or directory 'D:\AndroidStudioProjects\CineLog\.worktrees\ai-integration\app\src\debug\java', not found
file or directory 'D:\AndroidStudioProjects\CineLog\.worktrees\ai-integration\app\src\main\kotlin', not found
i: [ksp] loaded provider(s): [androidx.room.RoomKspProcessor$Provider, dagger.hilt.processor.internal.uninstallmodules.KspUninstallModulesProcessor$Provider, dagger.hilt.processor.internal.aliasof.KspAliasOfProcessor$Provider, dagger.hilt.processor.internal.root.KspComponentTreeDepsProcessor$Provider, dagger.hilt.android.processor.internal.customtestapplication.KspCustomTestApplicationProcessor$Provider, dagger.hilt.processor.internal.root.KspRootProcessor$Provider, dagger.hilt.android.processor.internal.viewmodel.KspViewModelProcessor$Provider, dagger.hilt.android.processor.internal.androidentrypoint.KspAndroidEntryPointProcessor$Provider, dagger.hilt.processor.internal.aggregateddeps.KspAggregatedDepsProcessor$Provider, dagger.hilt.processor.internal.earlyentrypoint.KspEarlyEntryPointProcessor$Provider, dagger.hilt.android.processor.internal.bindvalue.KspBindValueProcessor$Provider, dagger.hilt.processor.internal.originatingelement.KspOriginatingElementProcessor$Provider, dagger.hilt.processor.internal.generatesrootinput.KspGeneratesRootInputProcessor$Provider, dagger.hilt.processor.internal.definecomponent.KspDefineComponentProcessor$Provider, dagger.internal.codegen.KspComponentProcessor$Provider]
w: [ksp] The return value includes a data class with a @Relation. It is usually desired to annotate this function with @Transaction to avoid possibility of inconsistent results between the data class and its relations. See https://developer.android.com/reference/androidx/room/Transaction.html for details.
w: [ksp] The return value includes a data class with a @Relation. It is usually desired to annotate this function with @Transaction to avoid possibility of inconsistent results between the data class and its relations. See https://developer.android.com/reference/androidx/room/Transaction.html for details.
w: [ksp] The return value includes a data class with a @Relation. It is usually desired to annotate this function with @Transaction to avoid possibility of inconsistent results between the data class and its relations. See https://developer.android.com/reference/androidx/room/Transaction.html for details.
w: [ksp] The return value includes a data class with a @Relation. It is usually desired to annotate this function with @Transaction to avoid possibility of inconsistent results between the data class and its relations. See https://developer.android.com/reference/androidx/room/Transaction.html for details.
e: [ksp] InjectProcessingStep was unable to process 'ProfileViewModel(GamificationRepository,LogRepository,com.exmple.cinelog.domain.GamificationManager,com.exmple.cinelog.data.repository.AiRepository,com.exmple.cinelog.data.repository.GeminiRepository)' because 'GamificationRepository' could not be resolved.

Dependency trace:
    => element (CLASS): com.exmple.cinelog.ui.screens.ProfileViewModel
    => element (CONSTRUCTOR): ProfileViewModel(GamificationRepository,LogRepository,com.exmple.cinelog.domain.GamificationManager,com.exmple.cinelog.data.repository.AiRepository,com.exmple.cinelog.data.repository.GeminiRepository)
    => type (EXECUTABLE constructor): (GamificationRepository,LogRepository,com.exmple.cinelog.domain.GamificationManager,com.exmple.cinelog.data.repository.AiRepository,com.exmple.cinelog.data.repository.GeminiRepository)void
    => type (ERROR parameter type): GamificationRepository

If type 'GamificationRepository' is a generated type, check above for compilation errors that may have prevented the type from being generated. Otherwise, ensure that type 'GamificationRepository' is on your classpath.

> Task :app:kspDebugKotlin FAILED
Build ac4f47e5-6236-4387-9b54-b1f2e5c160b6 is closed
./gradlew : 
At line:1 char:1
+ ./gradlew :app:testDebugUnitTest 
--tests "com.exmple.cinelog.ui.scree 
...
+ ~~~~~~~~~~~~~~~~~~~~~~~~~~~~~~~~~~~
~~~~~~~~~~~~~~~~~~~~~~~~~~~~~~~~~~
    + CategoryInfo          : NotSpe 
   cified: (:String) [], RemoteExce  
  ption
    + FullyQualifiedErrorId : Native 
   CommandError
 
FAILURE: Build failed with an 
exception.

* What went wrong:
Execution failed for task 
':app:kspDebugKotlin'.
> A failure occurred while executing 
com.google.devtools.ksp.gradle.KspAAW
orkerAction
   > KSP failed with exit code: 
PROCESSING_ERROR

* Try:
> Run with --stacktrace option to 
get the stack trace.
> Run with --debug option to get 
more log output.
> Run with --scan to get full 
insights from a Build Scan (powered 
by Develocity).
> Get more help at 
https://help.gradle.org.

BUILD FAILED in 5s
19 actionable tasks: 2 executed, 17 up-to-date
Watched directory hierarchies: [D:\AndroidStudioProjects\CineLog]
